Hello from Cortado!